[NX v20.8.4 Daemon Server] - 2026-09-02T12:47:52.187Z - Started listening on: /tmp/013459cce6429777950d/d.sock
[NX v20.8.4 Daemon Server] - 2026-09-02T12:47:52.189Z - [WATCHER]: Subscribed to changes within: /home/daveteply/git/webgl-v1 (native)
[NX v20.8.4 Daemon Server] - 2026-09-02T12:47:52.197Z - Established a connection. Number of open connections: 1
[NX v20.8.4 Daemon Server] - 2026-09-02T12:47:52.198Z - Established a connection. Number of open connections: 2
[NX v20.8.4 Daemon Server] - 2026-09-02T12:47:52.200Z - Closed a connection. Number of open connections: 1
[NX v20.8.4 Daemon Server] - 2026-09-02T12:47:52.202Z - [REQUEST]: Client Request for Project Graph Received
[NX v20.8.4 Daemon Server] - 2026-09-02T12:47:52.211Z - Time taken for 'loadSpecifiedNxPlugins' 1.0949899999999957ms
[NX v20.8.4 Daemon Server] - 2026-09-02T12:47:52.396Z - Time taken for 'Load Nx Plugin: /home/daveteply/git/webgl-v1/node_modules/nx/src/plugins/package-json' 192.97278899999998ms
[NX v20.8.4 Daemon Server] - 2026-09-02T12:47:52.397Z - Time taken for 'Load Nx Plugin: /home/daveteply/git/webgl-v1/node_modules/nx/src/plugins/project-json/build-nodes/project-json' 193.295928ms
[NX v20.8.4 Daemon Server] - 2026-09-02T12:47:52.408Z - [REQUEST]: Updated workspace context based on watched changes, recomputing project graph...
[NX v20.8.4 Daemon Server] - 2026-09-02T12:47:52.408Z - [REQUEST]: 
[NX v20.8.4 Daemon Server] - 2026-09-02T12:47:52.408Z - [REQUEST]: 
[NX v20.8.4 Daemon Server] - 2026-09-02T12:47:52.415Z - Time taken for 'loadDefaultNxPlugins' 203.93229ms
[NX v20.8.4 Daemon Server] - 2026-09-02T12:47:52.444Z - Time taken for 'build-project-configs' 17.035798ms
[NX v20.8.4 Daemon Server] - 2026-09-02T12:47:52.465Z - [SYNC]: collect registered sync generators
[NX v20.8.4 Daemon Server] - 2026-09-02T12:47:52.466Z - [REQUEST]: Responding to the client. project-graph
[NX v20.8.4 Daemon Server] - 2026-09-02T12:47:52.467Z - Time taken for 'total for creating and serializing project graph' 264.616659ms
[NX v20.8.4 Daemon Server] - 2026-09-02T12:47:52.468Z - Done responding to the client project-graph
[NX v20.8.4 Daemon Server] - 2026-09-02T12:47:52.468Z - Handled REQUEST_PROJECT_GRAPH. Handling time: 264. Response time: 2.
[NX v20.8.4 Daemon Server] - 2026-09-02T12:47:52.494Z - Closed a connection. Number of open connections: 0
[NX v20.8.4 Daemon Server] - 2026-09-02T12:48:02.503Z - Established a connection. Number of open connections: 1
[NX v20.8.4 Daemon Server] - 2026-09-02T12:48:02.506Z - Closed a connection. Number of open connections: 0
[NX v20.8.4 Daemon Server] - 2026-09-02T12:48:02.506Z - Established a connection. Number of open connections: 1
[NX v20.8.4 Daemon Server] - 2026-09-02T12:48:02.508Z - [REQUEST]: Client Request for Project Graph Received
[NX v20.8.4 Daemon Server] - 2026-09-02T12:48:02.509Z - [REQUEST]: Responding to the client. project-graph
[NX v20.8.4 Daemon Server] - 2026-09-02T12:48:02.510Z - Time taken for 'total for creating and serializing project graph' 0.45914900000025227ms
[NX v20.8.4 Daemon Server] - 2026-09-02T12:48:02.510Z - Done responding to the client project-graph
[NX v20.8.4 Daemon Server] - 2026-09-02T12:48:02.511Z - Handled REQUEST_PROJECT_GRAPH. Handling time: 1. Response time: 2.
[NX v20.8.4 Daemon Server] - 2026-09-02T12:48:02.528Z - Closed a connection. Number of open connections: 0
[NX v20.8.4 Daemon Server] - 2026-09-02T12:48:02.575Z - [WATCHER]: Processing file changes in outputs
[NX v20.8.4 Daemon Server] - 2026-09-02T12:48:02.576Z - [WATCHER]: graph.json was created or restored
[NX v20.8.4 Daemon Server] - 2026-09-02T12:48:02.677Z - [REQUEST]: Updated workspace context based on watched changes, recomputing project graph...
[NX v20.8.4 Daemon Server] - 2026-09-02T12:48:02.678Z - [REQUEST]: graph.json
[NX v20.8.4 Daemon Server] - 2026-09-02T12:48:02.678Z - [REQUEST]: 
[NX v20.8.4 Daemon Server] - 2026-09-02T12:48:02.684Z - Time taken for 'hash changed files from watcher' 0.43743999999969674ms
[NX v20.8.4 Daemon Server] - 2026-09-02T12:48:02.699Z - Time taken for 'build-project-configs' 13.191969999999856ms
[NX v20.8.4 Daemon Server] - 2026-09-02T12:48:02.739Z - [SYNC]: collect registered sync generators
[NX v20.8.4 Daemon Server] - 2026-09-02T12:48:02.740Z - [SYNC]: project graph hash is the same, not collecting task sync generators
[NX v20.8.4 Daemon Server] - 2026-09-02T12:48:02.740Z - [SYNC]: nx.json hash is the same, not collecting global sync generators
[NX v20.8.4 Daemon Server] - 2026-09-02T12:48:02.741Z - Time taken for 'total execution time for createProjectGraph()' 33.88162399999965ms
[NX v20.8.4 Daemon Server] - 2026-09-02T12:48:13.015Z - [WATCHER]: graph.json was deleted
[NX v20.8.4 Daemon Server] - 2026-09-02T12:48:13.016Z - [WATCHER]: Processing file changes in outputs
[NX v20.8.4 Daemon Server] - 2026-09-02T12:48:13.215Z - [REQUEST]: Updated workspace context based on watched changes, recomputing project graph...
[NX v20.8.4 Daemon Server] - 2026-09-02T12:48:13.216Z - [REQUEST]: 
[NX v20.8.4 Daemon Server] - 2026-09-02T12:48:13.216Z - [REQUEST]: graph.json
[NX v20.8.4 Daemon Server] - 2026-09-02T12:48:13.222Z - Time taken for 'hash changed files from watcher' 0.4090460000006715ms
[NX v20.8.4 Daemon Server] - 2026-09-02T12:48:13.241Z - Time taken for 'build-project-configs' 17.11739000000307ms
[NX v20.8.4 Daemon Server] - 2026-09-02T12:48:13.264Z - [SYNC]: collect registered sync generators
[NX v20.8.4 Daemon Server] - 2026-09-02T12:48:13.264Z - [SYNC]: project graph hash is the same, not collecting task sync generators
[NX v20.8.4 Daemon Server] - 2026-09-02T12:48:13.264Z - [SYNC]: nx.json hash is the same, not collecting global sync generators
[NX v20.8.4 Daemon Server] - 2026-09-02T12:48:13.265Z - Time taken for 'total execution time for createProjectGraph()' 18.852160000002186ms
[NX v20.8.4 Daemon Server] - 2026-09-02T12:49:26.217Z - [WATCHER]: Processing file changes in outputs
[NX v20.8.4 Daemon Server] - 2026-09-02T12:49:35.839Z - [WATCHER]: Processing file changes in outputs
[NX v20.8.4 Daemon Server] - 2026-09-07T15:10:04.425Z - Started listening on: /tmp/013459cce6429777950d/d.sock
[NX v20.8.4 Daemon Server] - 2026-09-07T15:10:04.432Z - [WATCHER]: Subscribed to changes within: /home/daveteply/git/webgl-v1 (native)
[NX v20.8.4 Daemon Server] - 2026-09-07T15:10:04.436Z - Established a connection. Number of open connections: 1
[NX v20.8.4 Daemon Server] - 2026-09-07T15:10:04.440Z - Closed a connection. Number of open connections: 0
[NX v20.8.4 Daemon Server] - 2026-09-07T15:10:04.469Z - Established a connection. Number of open connections: 1
[NX v20.8.4 Daemon Server] - 2026-09-07T15:10:04.470Z - Closed a connection. Number of open connections: 0
[NX v20.8.4 Daemon Server] - 2026-09-07T15:10:04.470Z - Established a connection. Number of open connections: 1
[NX v20.8.4 Daemon Server] - 2026-09-07T15:10:04.475Z - [REQUEST]: Client Request for Project Graph Received
[NX v20.8.4 Daemon Server] - 2026-09-07T15:10:04.489Z - Time taken for 'loadSpecifiedNxPlugins' 2.557696999999962ms
[NX v20.8.4 Daemon Server] - 2026-09-07T15:10:04.804Z - Time taken for 'Load Nx Plugin: /home/daveteply/git/webgl-v1/node_modules/nx/src/plugins/package-json' 326.72101100000003ms
[NX v20.8.4 Daemon Server] - 2026-09-07T15:10:04.817Z - Time taken for 'Load Nx Plugin: /home/daveteply/git/webgl-v1/node_modules/nx/src/plugins/project-json/build-nodes/project-json' 338.86294599999997ms
[NX v20.8.4 Daemon Server] - 2026-09-07T15:10:04.849Z - [REQUEST]: Updated workspace context based on watched changes, recomputing project graph...
[NX v20.8.4 Daemon Server] - 2026-09-07T15:10:04.849Z - [REQUEST]: 
[NX v20.8.4 Daemon Server] - 2026-09-07T15:10:04.849Z - [REQUEST]: 
[NX v20.8.4 Daemon Server] - 2026-09-07T15:10:04.864Z - Time taken for 'loadDefaultNxPlugins' 370.270749ms
[NX v20.8.4 Daemon Server] - 2026-09-07T15:10:04.921Z - Time taken for 'build-project-configs' 30.247073ms
[NX v20.8.4 Daemon Server] - 2026-09-07T15:10:04.994Z - [SYNC]: collect registered sync generators
[NX v20.8.4 Daemon Server] - 2026-09-07T15:10:04.996Z - [REQUEST]: Responding to the client. project-graph
[NX v20.8.4 Daemon Server] - 2026-09-07T15:10:05.003Z - Done responding to the client project-graph
[NX v20.8.4 Daemon Server] - 2026-09-07T15:10:05.004Z - Handled REQUEST_PROJECT_GRAPH. Handling time: 522. Response time: 8.
[NX v20.8.4 Daemon Server] - 2026-09-07T15:10:05.004Z - Time taken for 'total for creating and serializing project graph' 520.953316ms
[NX v20.8.4 Daemon Server] - 2026-09-07T15:10:05.016Z - [REQUEST]: Responding to the client. handleContextFileData
[NX v20.8.4 Daemon Server] - 2026-09-07T15:10:05.017Z - Done responding to the client handleContextFileData
[NX v20.8.4 Daemon Server] - 2026-09-07T15:10:05.017Z - Handled GET_CONTEXT_FILE_DATA. Handling time: 1. Response time: 1.
[NX v20.8.4 Daemon Server] - 2026-09-07T15:10:05.461Z - Established a connection. Number of open connections: 2
[NX v20.8.4 Daemon Server] - 2026-09-07T15:10:05.462Z - [REQUEST]: Client Request for Project Graph Received
[NX v20.8.4 Daemon Server] - 2026-09-07T15:10:05.463Z - [REQUEST]: Responding to the client. project-graph
[NX v20.8.4 Daemon Server] - 2026-09-07T15:10:05.465Z - Time taken for 'total for creating and serializing project graph' 0.4769380000000183ms
[NX v20.8.4 Daemon Server] - 2026-09-07T15:10:05.465Z - Closed a connection. Number of open connections: 1
[NX v20.8.4 Daemon Server] - 2026-09-07T15:10:05.466Z - Done responding to the client project-graph
[NX v20.8.4 Daemon Server] - 2026-09-07T15:10:05.466Z - Handled REQUEST_PROJECT_GRAPH. Handling time: 1. Response time: 3.
[NX v20.8.4 Daemon Server] - 2026-09-07T15:10:05.473Z - [REQUEST]: Client Request for Project Graph Received
[NX v20.8.4 Daemon Server] - 2026-09-07T15:10:05.474Z - [REQUEST]: Responding to the client. project-graph
[NX v20.8.4 Daemon Server] - 2026-09-07T15:10:05.475Z - Time taken for 'total for creating and serializing project graph' 0.8290420000000722ms
[NX v20.8.4 Daemon Server] - 2026-09-07T15:10:05.476Z - Done responding to the client project-graph
[NX v20.8.4 Daemon Server] - 2026-09-07T15:10:05.477Z - Handled REQUEST_PROJECT_GRAPH. Handling time: 1. Response time: 3.
[NX v20.8.4 Daemon Server] - 2026-09-07T15:10:05.482Z - Established a connection. Number of open connections: 2
[NX v20.8.4 Daemon Server] - 2026-09-07T15:10:09.608Z - Closed a connection. Number of open connections: 1
[NX v20.8.4 Daemon Server] - 2026-09-07T15:10:10.737Z - Closed a connection. Number of open connections: 0
[NX v20.8.4 Daemon Server] - 2026-09-07T15:12:07.186Z - [WATCHER]: package-lock.json was modified
[NX v20.8.4 Daemon Server] - 2026-09-07T15:12:07.189Z - [WATCHER]: Processing file changes in outputs
[NX v20.8.4 Daemon Server] - 2026-09-07T15:12:07.294Z - [REQUEST]: Updated workspace context based on watched changes, recomputing project graph...
[NX v20.8.4 Daemon Server] - 2026-09-07T15:12:07.294Z - [REQUEST]: package-lock.json
[NX v20.8.4 Daemon Server] - 2026-09-07T15:12:07.294Z - [REQUEST]: 
[NX v20.8.4 Daemon Server] - 2026-09-07T15:12:07.316Z - Time taken for 'hash changed files from watcher' 3.237361999999848ms
[NX v20.8.4 Daemon Server] - 2026-09-07T15:12:07.440Z - Time taken for 'build-project-configs' 115.93109499999264ms
[NX v20.8.4 Daemon Server] - 2026-09-07T15:12:07.588Z - [SYNC]: collect registered sync generators
[NX v20.8.4 Daemon Server] - 2026-09-07T15:12:07.588Z - [SYNC]: project graph hash is the same, not collecting task sync generators
[NX v20.8.4 Daemon Server] - 2026-09-07T15:12:07.589Z - [SYNC]: nx.json hash is the same, not collecting global sync generators
[NX v20.8.4 Daemon Server] - 2026-09-07T15:12:07.589Z - Time taken for 'total execution time for createProjectGraph()' 111.96092699999281ms
[NX v20.8.4 Daemon Server] - 2026-09-07T15:12:29.429Z - [WATCHER]: Processing file changes in outputs
[NX v20.8.4 Daemon Server] - 2026-09-07T15:19:32.024Z - [WATCHER]: package-lock.json was modified
[NX v20.8.4 Daemon Server] - 2026-09-07T15:19:32.025Z - [WATCHER]: Processing file changes in outputs
[NX v20.8.4 Daemon Server] - 2026-09-07T15:19:32.227Z - [REQUEST]: Updated workspace context based on watched changes, recomputing project graph...
[NX v20.8.4 Daemon Server] - 2026-09-07T15:19:32.228Z - [REQUEST]: package-lock.json
[NX v20.8.4 Daemon Server] - 2026-09-07T15:19:32.228Z - [REQUEST]: 
[NX v20.8.4 Daemon Server] - 2026-09-07T15:19:32.234Z - Time taken for 'hash changed files from watcher' 1.704276999924332ms
[NX v20.8.4 Daemon Server] - 2026-09-07T15:19:32.251Z - Time taken for 'build-project-configs' 10.873437000089325ms
[NX v20.8.4 Daemon Server] - 2026-09-07T15:19:32.273Z - [SYNC]: collect registered sync generators
[NX v20.8.4 Daemon Server] - 2026-09-07T15:19:32.274Z - [SYNC]: project graph hash is the same, not collecting task sync generators
[NX v20.8.4 Daemon Server] - 2026-09-07T15:19:32.274Z - [SYNC]: nx.json hash is the same, not collecting global sync generators
[NX v20.8.4 Daemon Server] - 2026-09-07T15:19:32.274Z - Time taken for 'total execution time for createProjectGraph()' 19.451900000101887ms
[NX v20.8.4 Daemon Server] - 2026-09-07T15:19:32.969Z - [WATCHER]: Processing file changes in outputs
[NX v20.8.4 Daemon Server] - 2026-09-07T15:19:59.521Z - [WATCHER]: Processing file changes in outputs
[NX v20.8.4 Daemon Server] - 2026-09-07T15:19:59.523Z - [WATCHER]: Stopping the watcher for /home/daveteply/git/webgl-v1 (sources)
[NX v20.8.4 Daemon Server] - 2026-09-07T15:19:59.524Z - [WATCHER]: Stopping the watcher for /home/daveteply/git/webgl-v1 (outputs)
[NX v20.8.4 Daemon Server] - 2026-09-07T15:19:59.528Z - Server stopped because: "NX_VERSION_CHANGED"
